Log start
Database opened
-
- All MLS Teams
- All Teams
- All USL First Division Teams
AAC Eagles (USASA)
Abbotsford Mariners
Abbotsford Rangers
AC Milan
Academica de Coimbra
Ajax Orlando
Ajax Orlando Prospects
Akron Zips
Albany Admirals
Albany Admirals
Albany Admirals
Albany Blackwatch Highlanders
Alianza FC
Alpha United
American University Eagles
Angola
Argentina
Arizona Heatwave
Arizona United SC
Arnett Gardens FC
AS Istres
Asheville Splash
Aston Villa
Athletico Marinhense
Atlanta Beat
Atlanta Silverbacks
Atlante F.C.
Atlas
Austin Lightning
Australia
Baltimore Bays
Baltimore Blast
Barbados
Barcelona
Barcelona SC
Bayer Leverkusen
Belenenses
Belize
Bermuda
Boca Juniors
Bodo/Glimt
Boston Breakers
Boston College Eagles
Boston Renegades
Boston Renegades
Boston University Terriers
Boulder Rapids Reserve
Bradenton Academics
Bradenton Athletics
Bradley Braves
Brazil
Brentford FC
Brooklyn Knights
Brown Bears
Brujas
BYU Cougars
Cal State Northridge Matadors
Caledonia AIA
Calgary Mustangs
Calgary Wildfire
California
California Bears
California Cougars
California Gold
Cameroon
Canada
Cape Cod Crusaders
Cape Cod Crusaders
Caracas FC
Carolina Courage
Carolina Dynamo
Carolina Dynamo Women
Carolina Railhawks
Cascade Surge
Cascade Surge
CD Aguila
CD F.A.S.
CD FAS
CD Guadalajara
CD Guadalajara (duplicate)
CD Luis Angel Firpo
CD Marathon
CD Motagua
CD Olimpia
CD Santa Clara
CD Saprissa
CD Toluca FC
Celtic FC
Central Florida Golden Knights
Central Florida Kraze
CF Monterrey
CF Pachuca
Champions Cup Opponent
Charleston Battery
Charlotte
Charlotte Eagles
Charlotte Lady Eagles
Chelsea FC
Chesapeake
Chesapeake Dragons
Chicago Cobras
Chicago Fire
Chicago Fire Reserves
Chicago Magic
Chicago Storm
Chico Rooks (PDL)
Chile
China
Chinese Taipei
Chivas
Chivas Select
Chivas USA
Chorrillo
CID Necaxa
Cincinnati Bearcats
Cincinnati Kings
Cincinnati Ladyhawks
Cincinnati Riverhawks
Clemson Tigers
Cleveland City Stars
Cleveland FC
Cleveland Force
Cleveland Internationals
Cleveland Internationals
Club America
Club Atletico Colon
Club Atletico Osasuna
Club Tijuana
Coastal Carolina
Cocoa Expos
College Cup Opponent
College of Charleston
Colombia
Colorado Rapids
Colorado Springs
Columbus Crew
Columbus Lady Shooting Stars
Columbus Shooting Stars
Connecticut Huskies
Connecticut Wolves (D3)
Costa Rica
Creighton Bluejays
Croatia
Cruz Azul
CS Cartagines
CS Herediano
CSD Comunicaciones
CSD Municipal
Cuba
Czech Republic
D.C. United
Dallas Roma FC
Dallas Sidekicks
Dartmouth
Dayton Dutch Lions
Dayton Flyers
DC United (Y-League)
Defence Force
Denmark
Denver Lady Cougars
Deportivo Arabe Unido
Deportivo Quevedo
Des Moines Menace
Desportivo Rabo Peixi
Detroit Jaguars
Duke Blue Devils
Dynamo Kiev
Ecuador
Edmonton Aviators
Edmonton Aviators Women
Egypt
Eik Tønsberg
El Paso Patriots
El Salvador
England
ENP
Everton FC
FC Dallas
FC Delco
FC Dornach
FC Edmonton
FC Mordovia
FC New York
FC Nurnberg
FC Portland
FC Sabadell
FC Tucson
FC United Premier
FC Victoria
Finland
Florida International
Florida State University
Fort Collins Force
Fort Lauderdale Strikers
Fort Wayne Fever
Fort Wayne Fever
France
Fresno Fuego
Fulham FC
George Washington Colonials
Germany
Ghana
GIF Sundsvall
Girona
Greece
Greenville Lions (D3)
Grenada
Guadalajara All-Stars
Guatemala
Haiti
Hamburg SV
Hampton Roads Mariners
Hampton Roads Piranhas
Hampton Roads Piranhas
Hankook Verdes
Harbour View FC
Harrisburg City Islanders
Harrisburg Heat
Hartwick College Hawks
Heredia
Hershey Wildcats
Hofstra Pride
Honduras
Houston Dynamo
Iceland
Illinois Fighting Illini
Independiente
Indiana Blast
Indiana Hoosiers
Indiana Invaders
Indy Eleven
Iran
Ireland
Italy
Ivory Coast
Jacksonville Armada
Jalapa
Jamaica
James Madison Dukes
Japan
Jersey Falcons
Joe Public
Kalamazoo Kingdom
Kansas City Brass
Kansas City Comets
Kitsap Pumas
Korea Republic
Lafayette
Lafayette College Leopards
Laredo Heat
Las Cruces
Latvia
LD Alajuelense
Leeds United
Leon
Liberia Mia
Liverpool
Long Island Lady Riders
Long Island Rough Riders
Los Angeles Blues
Los Angeles Galaxy
Los Angeles Galaxy II
Loyola Marymount Lions
Malaga
Marist Red Foxes
Marquense
Martinique
Maryland Terrapins
Memphis Express
Memphis Tigers
Metapan
Mexico
Mexico SC (USASA)
Miami Fusion
Michigan Bucks
Michigan Wolverines
Mile High Mustangs
Milwaukee Bavarians or Wave United
Milwaukee Wave
Milwaukee Wave United
Minnesota Thunder
Minnesota United FC
Missouri State Bears
MLS All-Stars
Molde FK
Monarcas Morelia
Monterrey Fury
Montreal Impact
Montreal Xtreme
Morocco
Motagua (duplicate)
Municipal
Mustangs FC
Nashville Metros
Netherlands
Nevada Wonders
New England Revolution
New Hampshire Lady Phantoms
New Hampshire Phantoms
New Jersey Lady Stallions
New Jersey Stallions
New Jersey Wildcats
New Mexico Lobos
New Orleans Shell Shockers
New York Cosmos
New York Freedoms (D3)
New York Magic
New York Power
New Zealand
Newcastle United
Nice - France
Nigeria
North Carolina State Wolfpack
North Carolina Tar Heels
North Korea
Northern Illinois Huskies
Northern Virginia Majestics
Northern Virginia Royals
Northwestern Wildcats
Norway
Notre Dame
Ocean City Barons
Odd Grenland
OFK Grbalj
OGC Nice
Ohio State Buckeyes
Okanagan Predators
Oklahoma City Energy FC
Oklahoma City FC
Old Dominion Monarchs
Olympiakos
Orange County Blue Star
Orange County Blues FC
Orlando City
Ottawa Fury
Ottawa Fury FC
Palm Beach Pumas
Panama
Panas
Paraguay
Parsippany
Penn State Nittany Lions
Philadelphia Charge
Philadelphia Kixx
Philadelphia Union
Pittsburgh Riverhounds
Poland
Portland Pilots
Portland Timbers
Portmore United FC
Portsmouth FC
Portugal
Princeton Tigers
Providence Friars
Puerto Rico Bayamon
Puerto Rico Islanders
Puntarenas
Racing Santander
Raleigh CASL Elite
Reading Rage
Real Espana
Real Esteli
Real Madrid
Real Madrid TX (USASA)
Real Salt Lake
Red Bull New York
Rhode Island Lady Stingrays
Rhode Island Rams
Rhode Island Stingrays
Richmond Kickers
Richmond Kickers
Richmond Kickers Future
Robert Morris Colonials
Rochester Raging Rhinos
Rochester Ravens
Russia
Sacramento Republic FC
Saint Louis Billikens
Sainte Raphael
San Antonio Scorpions
San Diego Gauchos
San Diego Sockers
San Diego Spirit
San Diego State Aztecs
San Diego Toreros
San Francisco Dons
San Francisco FC
San Jose CyberRays
San Jose Earthquakes
San Juan Jabloteh
San Miguelito
Santa Clara Broncos
Santa Rosa
Santos Laguna
Sao Paulo
São Roque
Saudi Arabia
Scotland
Seattle Sounders
Seattle Sounders (Women)
Seattle Sounders (Youth)
Serbia and Montenegro
Seton Hall Pirates
Shultz Academy
Sioux Falls Spitfire
SMU Mustangs
Snohomish FC
South Carolina Gamecocks
South Florida Bulls
South Jersey Banshees
South Jersey Barons
Southern California Seahorses
Spain
Spokane Shadow
Spokane Shadow
Sporting Clube de Portugal
Sporting Kansas City
St. John's Red Storm
St. Kitts
St. Louis Archers
St. Louis Steamers
St. Louis Strikers
Stabæk
Stanford Cardinal
Start
Stetson Hatters
Stony Brook Seawolves
Sudbury Canadians
Super Nova
Sweden
Switzerland
Syracuse Salty Dogs
Tampa Bay Mutiny
Tampa Bay Rowdies
Tauro
TBD
Tecos
Tempete FC
Texas Spurs
Thunder Bay Chill
Tigres UANL
To Be Announced
Togo
Toledo Slayers
Toronto FC
Toronto Inferno
Toronto Lynx
Tri State Academy
Trinidad & Tobago Under-21s
Trinidad and Tobago
TSV 1860 Munich
Tulsa Hurricanes
Tunisia
Turkey
UC Irvine
UC Santa Barbara Gauchos
UCF Golden Knights
UCLA Bruins
Ukraine
UNAM Pumas
UNC Greensboro Spartans
Uniao de Santarem
Uniao Leiria
União Micaelense
Union Espanola
United Petrotrin
United States
Universidad Autonoma de Guadalajara
Universidad Catolica
Uruguay
US U-17 National Team
US U-20 National Team
US U-23 National Team
USASC Select Team
USOC Opponent
Utah Blitzz
UW Milwaukee
Valencia
Vancouver Whitecaps
Vancouver Whitecaps (women)
Venezuela
Vereinigung Erzgebirge (USASA)
Vermont Voltage
Victoria
Viking
Virginia Beach Mariners
Virginia Beach Submariners
Virginia Cavaliers
Virginia Cavalry FC
Virginia Commonwealth Rams
Virginia Tech Hokies
W Connection
Wake Forest Demon Deacons
Wales
Washington Freedom
Washington Huskies
Waterhouse
West Ham United
West Michigan Edge
West Michigan Edge
West Virginia Chaos
West Virginia Mountaineers
Westchester Flames
Western Illinois Leathernecks
Western Mass Lady Pioneers
Western Mass. Pioneers
Whitecaps U13 Boys
Whitecaps U14 Boys
Whitecaps U14 Girls
Whitecaps U15 Boys
Whitecaps U15 Girls
Whitecaps U16 Boys
Whitecaps U16 Girls
William & Mary
Williamsburg Legacy
Wilmington Hammerheads
Windy City Bluez
Wisconsin Badgers
Wisconsin Rebels
Xelaju
Yakima Reds
Yakima Reds
Yale Bulldogs
Zaglebie
Database closed
Log end
